---
source: tests/test_report.rs
expression: "format!(\"{df}\")"
---
shape: (1, 4)
┌────────────┬────────┬────────────┬───────────────┐
│ date       ┆ amount ┆ payee_name ┆ category_name │
│ ---        ┆ ---    ┆ ---        ┆ ---           │
│ date       ┆ f64    ┆ str        ┆ str           │
╞════════════╪════════╪════════════╪═══════════════╡
│ 2024-03-12 ┆ -3.0   ┆ Store      ┆ Groceries     │
└────────────┴────────┴────────────┴───────────────┘
